// Jest Snapshot v1, https://goo.gl/fbAQLP

exports[`Gallery Component renders correctly 1`] = `ShallowWrapper {}`;
