// Jest Snapshot v1, https://goo.gl/fbAQLP

exports[`RepositoryCard Component renders correctly 1`] = `ShallowWrapper {}`;
