// Jest Snapshot v1, https://goo.gl/fbAQLP

exports[`Repository Component renders correctly 1`] = `ShallowWrapper {}`;
