// Jest Snapshot v1, https://goo.gl/fbAQLP

exports[`Contact Page renders without crashing 1`] = `ShallowWrapper {}`;
