// Jest Snapshot v1, https://goo.gl/fbAQLP

exports[`Landing Page renders without crashing 1`] = `ShallowWrapper {}`;
