// Jest Snapshot v1, https://goo.gl/fbAQLP

exports[`Projects Page renders without crashing 1`] = `ShallowWrapper {}`;
