// Jest Snapshot v1, https://goo.gl/fbAQLP

exports[`ContactForm Component renders without crashing 1`] = `ShallowWrapper {}`;
