// Jest Snapshot v1, https://goo.gl/fbAQLP

exports[`IconLink Component renders correctly 1`] = `ShallowWrapper {}`;
