// Jest Snapshot v1, https://goo.gl/fbAQLP

exports[`FloatingExternalLinks Component renders correctly 1`] = `ShallowWrapper {}`;
