// Jest Snapshot v1, https://goo.gl/fbAQLP

exports[`MainSection Component renders correctly 1`] = `ShallowWrapper {}`;
