// Jest Snapshot v1, https://goo.gl/fbAQLP

exports[`NavigationBar Component renders correctly 1`] = `ShallowWrapper {}`;
