// Jest Snapshot v1, https://goo.gl/fbAQLP

exports[`Panel Component renders correctly 1`] = `ShallowWrapper {}`;
